╔══════════════════════════════════════════════════════════════════════════════════════════════════════════════════════════╗
║ dev 0.15.39 "Neese's Cheetah" (main @ d746d23)  --  Quantum chemistry for molecules and solids                           ║
║ © Michael F. Peintinger . MPL 2.0  .  https://vibe-qc.com                                                                ║
║ linked: libint 2.13.1 . libxc 7.0.0 . spglib 2.7.0 . libecpint 1.0.7 (vendored, MAX_L=5) . fftw3 3.3.9 . blas Accelerate ║
║ dispersion: dftd3 1.4.0 . dftd4 4.2.0                                                                                    ║
╚══════════════════════════════════════════════════════════════════════════════════════════════════════════════════════════╝

  Job: PERIODIC RHF  basis=sto-3g
  J/K method: AICCM2026DEV-B / χ-CCM (chi) -- independent finite BvK torus RHF/RKS (4-center, RI, or RIJCOSX; exact Gamma-supercell / Gamma-centred-mesh equivalence; experimental)
    (user-requested: 'aiccm2026dev-b')

  Periodicity
  --------------------------------------------------------
    dimensionality = 3D
    active axes    = a1, a2, a3
    cell volume    = 2000.0000 bohr^3

  Lattice (bohr)
  --------------------------------------------------------
    a1 =     5.00000000     0.00000000     0.00000000
    a2 =     0.00000000    20.00000000     0.00000000
    a3 =     0.00000000     0.00000000    20.00000000

  Atoms (bohr) -- 2 in unit cell
  --------------------------------------------------------
       1  Z=  1       1.80000000     10.00000000     10.00000000
       2  Z=  1       3.20000000     10.00000000     10.00000000
    n_electrons = 2  multiplicity = 1
  Basis
  --------------------------------------------------------
    name    = sto-3g
    nbasis  = 2
    nshells = 2

  SCF options
  --------------------------------------------------------
    use_diis            = True
    damping             = 0.0
    smearing_method      = fermi-dirac
    smearing_source      = explicit:hartree
    smearing_reason      = numeric value in hartree
    smearing_temperature = 0.0
    diis_start_iter     = 2
    diis_subspace_size  = 8
    max_iter            = 80
    conv_tol_energy     = 1e-07
    initial_guess       = SAD
    aux_basis           = <auto>
    gdf_method          = rsgdf
    rsgdf_ke_cutoff     = 200.0
    mdf_ke_cutoff       = 40.0
    OpenMP threads      = 4  (max for native parallel regions)

  Convergence strategy
  --------------------------------------------------------
    convergence strategy: off (convergence="off": plain defaults)

    lattice_extension   = (4, 1, 1)
    WS half-extent      = (2.0, 0.5, 0.5) lattice vectors
    equivalent k net    = (4, 1, 1) (Gamma-centred)
    aiccm_backend       = ri
    aiccm_symmetry      = off
  iter     energy (Ha)            dE          ||[F,DS]||   DIIS
  -------------------------------------------------------------
     1       -1.1154091593        --     1.011e-02    -
     2       -1.1154520131  -4.285e-05  1.837e-03    1
     3       -1.1154534749  -1.462e-06  2.384e-07    2
     4       -1.1154534749  -2.487e-14  3.099e-11    3
  -------------------------------------------------------------
  converged in 4 iterations; E = -1.1154534749 Ha

  Energy components (Ha)
  ----------------------------------------------------
  Nuclear repulsion                      0.7226063640
  Electronic                            -1.8380598388
  Coulomb (J)                            1.3544140665
  HF exchange (K)                       -0.6783167543
  Exchange-correlation (XC)              0.0000000000
  Total energy                          -1.1154534749
  ----------------------------------------------------

  Band extrema (multi-k)
  --------------------------------------------------------
    VBM     =  -0.5304153622 Ha  ( -14.433 eV)  (k_idx = 2)
    CBM     =   0.4986824619 Ha  (  13.570 eV)  (k_idx = 2)
    gap (direct) =   1.029098 Ha  (  28.003 eV)
    direct gap (min) =   1.029098 Ha  (  28.003 eV)  (k_idx = 2)
  Crystal orbital energies (Ha) at k-point 0 (of 4) -- sorted low -> high
  --------------------------------------------------------
       1        -0.6258993678   occ= 2.00000 HOCO
       2         0.9156038965   occ= 0.00000 LUCO
  AICCM2026DEV-B invariants
  --------------------------------------------------------
    cyclic mesh         = (4, 1, 1)
    cyclic cells        = 4
    electronic method   = RHF
    integral backend    = ri
    coulomb kernel      = 3d-periodic-g0
    exchange q=0        = bvk-ewald
    q=0 applicability   = active
    boundary model      = 3d-periodic
    BvK Madelung cell   = (4, 1, 1)
    WS partition error  = 0.000e+00
    idempotency error   = 1.570e-15
    electron-count err  = 4.441e-16
    inverse-Bloch Im    = 1.110e-16


  Timings (wall clock, seconds)
  --------------------------------------------------------
    SCF total                          12.201
    SCF avg per iter                    3.050  (4 iters)
    Job total                          13.245
