╔══════════════════════════════════════════════════════════════════════════════════════════════════════════════════════════╗
║ dev 0.15.23.dev0 "Neese's Cheetah" (main @ dc22a26, dirty)  --  Quantum chemistry for molecules and solids               ║
║ © Michael F. Peintinger . MPL 2.0  .  https://vibe-qc.com                                                                ║
║ linked: libint 2.13.1 . libxc 7.0.0 . spglib 2.7.0 . libecpint 1.0.7 (vendored, MAX_L=5) . fftw3 3.3.9 . blas Accelerate ║
║ dispersion: dftd3 1.4.0 . dftd4 4.2.0                                                                                    ║
╚══════════════════════════════════════════════════════════════════════════════════════════════════════════════════════════╝

  Job: RHF  basis=6-31g*
  Atoms (bohr)
  ------------------------------------------------------
     1  Z=  8       0.00000000      0.00000000      0.00000000
     2  Z=  1       0.00000000      1.49921989     -1.15936587
     3  Z=  1       0.00000000     -1.49921989     -1.15936587
  charge=0  multiplicity=1  n_electrons=10
  Threads: 18  (OpenMP shared-memory parallelism)

  Geometry optimization (ASE/BFGS) -> output-h2o-opt.traj
  fmax = 0.01 eV/A, max_steps = 50

  Optimized geometry
  Atoms (bohr)
  ------------------------------------------------------
     1  Z=  8      -0.00000000     -0.00000000     -0.05104451
     2  Z=  1       0.00000000      1.42616108     -1.13384362
     3  Z=  1      -0.00000000     -1.42616108     -1.13384362
  charge=0  multiplicity=1  n_electrons=10

  vibe-qc estimates this calculation will require ~1.0 MB of memory:
      ERI tensor            0.00 GB
      Fock + density + 1e   0.00 GB
      DIIS history          0.00 GB
      MO workspace          0.00 GB
  Available on this machine: 88.1 GB. Proceeding.

  iter     energy (Ha)            dE          ||[F,DS]||   DIIS
  -------------------------------------------------------------
     1      -41.3321192449        --     2.531e+01    1
     2      -74.6961236817  -3.336e+01  3.880e+00    2
     3      -75.5018334700  -8.057e-01  2.456e+00    3
     4      -76.0048266717  -5.030e-01  2.533e-01    4
     5      -76.0092690604  -4.442e-03  2.937e-02    5
     6      -76.0093388269  -6.977e-05  3.203e-03    6
     7      -76.0093411609  -2.334e-06  8.328e-04    7
     8      -76.0093413279  -1.670e-07  1.187e-04    8
     9      -76.0093413306  -2.690e-09  2.798e-05    8
    10      -76.0093413307  -1.303e-10  3.150e-06    8
    11      -76.0093413307  -2.785e-12  3.314e-07    8
  -------------------------------------------------------------
  converged in 11 iterations; E = -76.0093413307 Ha

  Molecular orbitals (Ha / eV)
  ------------------------------------------------------
     #   occ          eps (Ha)        eps (eV)
  ------------------------------------------------------
     1   2.0      -20.55225541     -559.255360
     2   2.0       -1.34549157      -36.612691
     3   2.0       -0.71411654      -19.432101
     4   2.0       -0.57055222      -15.525517
     5   2.0       -0.49786144      -13.547500  <-- HOMO
     6   0.0        0.21705624        5.906401  <-- LUMO
     7   0.0        0.30716560        8.358402
     8   0.0        1.03180960       28.076970
     9   0.0        1.16854585       31.797752
    10   0.0        1.16896839       31.809250
  HOMO-LUMO gap: 0.714918 Ha (19.4539 eV)

  Atomic charges
  ------------------------------------------------------------------
     #  elem    Mulliken      Löwdin   Hirshfeld
  ------------------------------------------------------------------
     1     O   -0.900290   -0.649920   -0.361002
     2     H    0.450145    0.324960    0.180501
     3     H    0.450145    0.324960    0.180501
  ------------------------------------------------------------------
          sum   0.000000    0.000000   -0.000000

  Bond orders (Mayer)
  ----------------------------------------
          atoms    bond order
  ----------------------------------------
  O1   -- H2          0.7681
  O1   -- H3          0.7681

  Dipole moment (origin: center of mass)
  ----------------------------------------------------
     component     a.u. (e.bohr)       Debye
  ----------------------------------------------------
             x        0.00000000      0.0000
             y        0.00000000      0.0000
             z       -0.86197063     -2.1909
          |mu|        0.86197063      2.1909

  Molecular orbitals written to output-h2o-opt.molden
  Population dump written to output-h2o-opt.population.txt + output-h2o-opt.population.json
  Citations written to output-h2o-opt.bibtex + output-h2o-opt.references
  Final geometry written to output-h2o-opt.xyz
  Optimization trajectory written to output-h2o-opt.traj

  Timings (wall clock, seconds)
  ----------------------------------------------------
  Geometry optimization                   0.090
  SCF total                               0.003
  SCF avg. per iteration                  0.000  (11 iters)
  Job total                               0.155
  Used 18 OpenMP threads.

## References

Please cite the references below when reporting results
from this run. The corresponding BibTeX entries are
written to the .bibtex sibling.

  [1] Peintinger, Michael F. (2026). vibe-qc: a quantum-chemistry code for
     molecules and solids. [Software v0.15.23.dev0, MPL-2.0].
     <https://vibe-qc.com/>

  [2] Valeev, Edward F. Libint: A library for the evaluation of molecular
     integrals of many-body operators over Gaussian functions. [Software].
     <https://github.com/evaleev/libint>

  [3] Ditchfield, R., Hehre, W. J., and Pople, J. A. (1971). Self-Consistent
     Molecular-Orbital Methods. IX. An Extended Gaussian-Type Basis for
     Molecular-Orbital Studies of Organic Molecules. Journal of Chemical
     Physics, 54(2), 724--728. doi:10.1063/1.1674902

  [4] Hariharan, P. C. and Pople, J. A. (1973). The influence of polarization
     functions on molecular orbital hydrogenation energies. Theoretica Chimica
     Acta, 28(3), 213--222. doi:10.1007/BF00533485

  [5] Pulay, Péter (1980). Convergence acceleration of iterative sequences.
     The case of SCF iteration. Chemical Physics Letters, 73(2), 393--398.
     doi:10.1016/0009-2614(80)80396-4

  [6] Pulay, Péter (1982). Improved SCF convergence acceleration. Journal of
     Computational Chemistry, 3(4), 556--560. doi:10.1002/jcc.540030413

  [7] Mulliken, R. S. (1955). Electronic Population Analysis on LCAO-MO
     Molecular Wave Functions. I. Journal of Chemical Physics, 23(10),
     1833--1840. doi:10.1063/1.1740588

  [8] Löwdin, Per-Olov (1950). On the Non-Orthogonality Problem Connected with
     the Use of Atomic Wave Functions in the Theory of Molecules and Crystals.
     Journal of Chemical Physics, 18(3), 365--375. doi:10.1063/1.1747632

  [9] Mayer, I. (1983). Charge, bond order and valence in the ab initio SCF
     theory. Chemical Physics Letters, 97(3), 270--274.
     doi:10.1016/0009-2614(83)80005-0

  [10] Hirshfeld, F. L. (1977). Bonded-atom fragments for describing molecular
     charge densities. Theoretica Chimica Acta, 44(2), 129--138.
     doi:10.1007/BF00549096

  [11] Pulay, P. (1969). Ab initio calculation of force constants and
     equilibrium geometries in polyatomic molecules. I. Theory. Molecular
     Physics, 17(2), 197--204. doi:10.1080/00268976900100941

  [12] Feynman, R. P. (1939). Forces in Molecules. Physical Review, 56(4),
     340--343. doi:10.1103/PhysRev.56.340

  [13] Larsen, Ask Hjorth, Mortensen, Jens Jørgen, et al. (2017). The atomic
     simulation environment - a Python library for working with atoms. Journal
     of Physics: Condensed Matter, 29(27), 273002.
     doi:10.1088/1361-648X/aa680e
