╔══════════════════════════════════════════════════════════════════════════════════════════════════════════════════════════╗
║ dev 0.15.23.dev0 "Neese's Cheetah" (main @ dc22a26, dirty)  --  Quantum chemistry for molecules and solids               ║
║ © Michael F. Peintinger . MPL 2.0  .  https://vibe-qc.com                                                                ║
║ linked: libint 2.13.1 . libxc 7.0.0 . spglib 2.7.0 . libecpint 1.0.7 (vendored, MAX_L=5) . fftw3 3.3.9 . blas Accelerate ║
║ dispersion: dftd3 1.4.0 . dftd4 4.2.0                                                                                    ║
╚══════════════════════════════════════════════════════════════════════════════════════════════════════════════════════════╝

  Job: RKS / PBE  basis=6-31g*
  Atoms (bohr)
  ------------------------------------------------------
     1  Z=  8       0.00000000      0.00000000      0.00000000
     2  Z=  1       0.00000000      1.49921989     -1.15936587
     3  Z=  1       0.00000000     -1.49921989     -1.15936587
  charge=0  multiplicity=1  n_electrons=10
  Threads: 4  (OpenMP shared-memory parallelism)

  vibe-qc estimates this calculation will require ~96.9 MB of memory:
      ERI tensor            0.00 GB
      Fock + density + 1e   0.00 GB
      DIIS history          0.00 GB
      MO workspace          0.00 GB
      DFT grid + chi        0.08 GB
  Available on this machine: 88.2 GB. Proceeding.

  iter     energy (Ha)            dE          ||[F,DS]||   DIIS
  -------------------------------------------------------------
     1      -41.7000241225        --     2.541e+01    1
     2      -75.4958331594  -3.380e+01  3.231e+00    2
     3      -74.2345640330  +1.261e+00  4.258e+00    3
     4      -76.2994392175  -2.065e+00  5.249e-01    4
     5      -76.3158493270  -1.641e-02  2.183e-01    5
     6      -76.3188790907  -3.030e-03  6.771e-02    6
     7      -76.3192017187  -3.226e-04  6.139e-03    7
     8      -76.3192041913  -2.473e-06  5.404e-04    8
     9      -76.3192042110  -1.972e-08  2.073e-05    8
    10      -76.3192042110  -2.763e-11  3.817e-07    8
  -------------------------------------------------------------
  converged in 10 iterations; E = -76.3192042110 Ha

  Energy components (Ha)
  ----------------------------------------------------
  Nuclear repulsion                      8.7758799283
  Electronic                           -85.0950841394
  Coulomb (J)                           46.4874824476
  HF exchange (K)                        0.0000000000
  Exchange-correlation (XC)             -9.2291257685
  Total energy                         -76.3192042110
  ----------------------------------------------------

  Molecular orbitals (Ha / eV)
  ------------------------------------------------------
     #   occ          eps (Ha)        eps (eV)
  ------------------------------------------------------
     1   2.0      -18.75188956     -510.264910
     2   2.0       -0.89096250      -24.244325
     3   2.0       -0.45070417      -12.264285
     4   2.0       -0.30752705       -8.368237
     5   2.0       -0.22381717       -6.090375  <-- HOMO
     6   0.0        0.03307299        0.899962  <-- LUMO
     7   0.0        0.11135553        3.030138
     8   0.0        0.71733771       19.519754
     9   0.0        0.77100804       20.980198
    10   0.0        0.84420082       22.971875
  HOMO-LUMO gap: 0.256890 Ha (6.9903 eV)

  Atomic charges
  ------------------------------------------------------------------
     #  elem    Mulliken      Löwdin   Hirshfeld
  ------------------------------------------------------------------
     1     O   -0.772948   -0.610611   -0.337808
     2     H    0.386474    0.305306    0.168904
     3     H    0.386474    0.305306    0.168904
  ------------------------------------------------------------------
          sum   0.000000   -0.000000   -0.000000

  Bond orders (Mayer)
  ----------------------------------------
          atoms    bond order
  ----------------------------------------
  O1   -- H3          0.8145
  O1   -- H2          0.8145

  Dipole moment (origin: center of mass)
  ----------------------------------------------------
     component     a.u. (e.bohr)       Debye
  ----------------------------------------------------
             x        0.00000000      0.0000
             y       -0.00000000     -0.0000
             z       -0.80268160     -2.0402
          |mu|        0.80268160      2.0402

  Molecular orbitals written to output-h2o-dft.molden
  Population dump written to output-h2o-dft.population.txt + output-h2o-dft.population.json
  Citations written to output-h2o-dft.bibtex + output-h2o-dft.references
  Final geometry written to output-h2o-dft.xyz

  Timings (wall clock, seconds)
  ----------------------------------------------------
  SCF total                               0.331
  SCF avg. per iteration                  0.033  (10 iters)
  Job total                               0.388
  Used 4 OpenMP threads.

## References

Please cite the references below when reporting results
from this run. The corresponding BibTeX entries are
written to the .bibtex sibling.

  [1] Peintinger, Michael F. (2026). vibe-qc: a quantum-chemistry code for
     molecules and solids. [Software v0.15.23.dev0, MPL-2.0].
     <https://vibe-qc.com/>

  [2] Valeev, Edward F. Libint: A library for the evaluation of molecular
     integrals of many-body operators over Gaussian functions. [Software].
     <https://github.com/evaleev/libint>

  [3] Ditchfield, R., Hehre, W. J., and Pople, J. A. (1971). Self-Consistent
     Molecular-Orbital Methods. IX. An Extended Gaussian-Type Basis for
     Molecular-Orbital Studies of Organic Molecules. Journal of Chemical
     Physics, 54(2), 724--728. doi:10.1063/1.1674902

  [4] Hariharan, P. C. and Pople, J. A. (1973). The influence of polarization
     functions on molecular orbital hydrogenation energies. Theoretica Chimica
     Acta, 28(3), 213--222. doi:10.1007/BF00533485

  [5] Lehtola, Susi, Steigemann, Conrad, et al. (2018). Recent developments in
     libxc - A comprehensive library of functionals for density functional
     theory. SoftwareX, 7, 1--5. doi:10.1016/j.softx.2017.11.002

  [6] Becke, A. D. (1988). A multicenter numerical integration scheme for
     polyatomic molecules. Journal of Chemical Physics, 88(4), 2547--2553.
     doi:10.1063/1.454033

  [7] Treutler, Oliver and Ahlrichs, Reinhart (1995). Efficient molecular
     numerical integration schemes. Journal of Chemical Physics, 102(1),
     346--354. doi:10.1063/1.469408

  [8] Perdew, John P., Burke, Kieron, and Ernzerhof, Matthias (1996).
     Generalized Gradient Approximation Made Simple. Physical Review Letters,
     77(18), 3865--3868. doi:10.1103/PhysRevLett.77.3865

  [9] Pulay, Péter (1980). Convergence acceleration of iterative sequences.
     The case of SCF iteration. Chemical Physics Letters, 73(2), 393--398.
     doi:10.1016/0009-2614(80)80396-4

  [10] Pulay, Péter (1982). Improved SCF convergence acceleration. Journal of
     Computational Chemistry, 3(4), 556--560. doi:10.1002/jcc.540030413

  [11] Mulliken, R. S. (1955). Electronic Population Analysis on LCAO-MO
     Molecular Wave Functions. I. Journal of Chemical Physics, 23(10),
     1833--1840. doi:10.1063/1.1740588

  [12] Löwdin, Per-Olov (1950). On the Non-Orthogonality Problem Connected
     with the Use of Atomic Wave Functions in the Theory of Molecules and
     Crystals. Journal of Chemical Physics, 18(3), 365--375.
     doi:10.1063/1.1747632

  [13] Mayer, I. (1983). Charge, bond order and valence in the ab initio SCF
     theory. Chemical Physics Letters, 97(3), 270--274.
     doi:10.1016/0009-2614(83)80005-0

  [14] Hirshfeld, F. L. (1977). Bonded-atom fragments for describing molecular
     charge densities. Theoretica Chimica Acta, 44(2), 129--138.
     doi:10.1007/BF00549096
