╔═════════════════════════════════════════════════════════════════════════════════════════════════════════════════════════════════╗
║ dev 0.15.41 "Neese's Cheetah" (main @ a5ac682)  --  Quantum chemistry for molecules and solids                                  ║
║ © Michael F. Peintinger . MPL 2.0  .  https://vibe-qc.com                                                                       ║
║ linked: libint 2.13.1 . libxc 7.0.0 . spglib 2.7.0 . libecpint 1.0.7 (vendored, MAX_L=5) . fftw3 3.3.9 . blas OpenBLAS +LAPACKE ║
╚═════════════════════════════════════════════════════════════════════════════════════════════════════════════════════════════════╝

  Job: PERIODIC RHF  basis=sto-3g
  J/K method: BIPOLE -- CRYSTAL-gauge Ewald J-split (multi-k; shared Ewald a across V_ne/E_nn/J^LR; all methods RHF/UHF/RKS/UKS; hybrids OK)
    (user-requested: 'bipole')

  Periodicity
  --------------------------------------------------------
    dimensionality = 3D
    active axes    = a1, a2, a3
    cell volume    = 125.9773 bohr^3

  Lattice (bohr)
  --------------------------------------------------------
    a1 =     0.00000000     3.97881836     3.97881836
    a2 =     3.97881836     0.00000000     3.97881836
    a3 =     3.97881836     3.97881836     0.00000000

  Atoms (bohr) -- 2 in unit cell
  --------------------------------------------------------
       1  Z= 12       0.00000000      0.00000000      0.00000000
       2  Z=  8       3.97881836      3.97881836      3.97881836
    n_electrons = 20  multiplicity = 1
  Symmetry: Fm-3m (No. 225), point group m-3m, order 48

  Basis
  --------------------------------------------------------
    name    = sto-3g
    nbasis  = 14
    nshells = 8

  SCF options
  --------------------------------------------------------
    use_diis            = True
    damping             = 0.0
    fmixing_percent     = 30.0
    smearing_method      = fermi-dirac
    smearing_source      = explicit:hartree
    smearing_reason      = numeric value in hartree
    smearing_temperature = 0.0
    diis_start_iter     = 2
    diis_subspace_size  = 8
    max_iter            = 80
    conv_tol_energy     = 1e-08
    initial_guess       = SAD
    bipole_cutoff_bohr  = 12.0
    bipole_nuclear_cutoff_bohr = 12.0
    level_shift         = 0.6
  Convergence strategy
  --------------------------------------------------------
    convergence strategy: manual (explicit user options; auto selection off)
      fock_mixing = 0.3   [explicit] set by the user
      level_shift = 0.6   [explicit] set by the user
      damping = 0   [explicit] set by the user

  Note: S(k) fold truncation (max over mesh) 5.0e-03 at cutoff 12.0 bohr -- expect ~5e-03-scale absolute-energy truncation; increase cutoff_bohr for tighter work
  iter     energy (Ha)            dE          ||[F,DS]||   DIIS
  -------------------------------------------------------------
     1     -270.7375881222        --     2.391e+00    -
     2     -271.0892008088  -3.516e-01  6.405e-01    1
     3     -271.1840625275  -9.486e-02  3.143e-01    2
     4     -271.2088968878  -2.483e-02  1.357e-01    3
     5     -271.2137501064  -4.853e-03  5.442e-02    4
     6     -271.2145329539  -7.828e-04  2.121e-02    5
     7     -271.2146254197  -9.247e-05  8.229e-03    6
     8     -271.2146108107  +1.461e-05  3.300e-03    7
     9     -271.2145865290  +2.428e-05  1.355e-03    8
    10     -271.2145687558  +1.777e-05  5.904e-04    8
    11     -271.2145579193  +1.084e-05  2.815e-04    8
    12     -271.2145518259  +6.093e-06  1.427e-04    8
    13     -271.2145485020  +3.324e-06  7.452e-05    8
    14     -271.2145467124  +1.790e-06  3.958e-05    8
    15     -271.2145457590  +9.533e-07  2.110e-05    8
    16     -271.2145452492  +5.098e-07  1.127e-05    8
    17     -271.2145449761  +2.731e-07  6.022e-06    8
    18     -271.2145448295  +1.466e-07  3.209e-06    8
    19     -271.2145447505  +7.895e-08  1.710e-06    8
    20     -271.2145447079  +4.258e-08  9.104e-07    8
    21     -271.2145446851  +2.285e-08  4.841e-07    8
    22     -271.2145446727  +1.243e-08  2.570e-07    8
    23     -271.2145446660  +6.662e-09  1.366e-07    8
  -------------------------------------------------------------
  converged in 23 iterations; E = -271.2145446617 Ha

  Energy components (Ha)
  ----------------------------------------------------
  Nuclear repulsion                    -73.0669217429
  Electronic                          -198.1476229231
  Kinetic                              267.1768340834
  Nuclear attraction                  -511.8936198968
  J short-range                         83.4735243638
  J long-range                         -12.2401445688
  HF exchange                          -24.6642094443
  Two-electron (J+K)                    46.5691628903
  Total energy                        -271.2145446660
  ----------------------------------------------------

  Band extrema (multi-k)
  --------------------------------------------------------
    VBM     =  -0.5695386569 Ha  ( -15.498 eV)  (k_idx = 6)
    CBM     =   0.0014450093 Ha  (   0.039 eV)  (k_idx = 7)
    gap (indirect) =   0.570984 Ha  (  15.537 eV)
    direct gap (min) =   0.592587 Ha  (  16.125 eV)  (k_idx = 7)
  Crystal orbital energies (Ha) at k-point 0 (of 8) -- sorted low -> high
  --------------------------------------------------------
       1       -48.0971387178
       2       -19.4861043320
       3        -3.1855540749
       4        -1.6313197712
       5        -1.6313197540
       6        -1.6312466827
       7        -0.6606621388 HOCO
       8         0.2357765971 LUCO
       9         0.2357766113
      10         0.2374525208
      11         0.7525709465
      12         1.5413908810
      13         1.5567653283
      14         1.5567659368
  Molecular orbitals written to output-mgo-rhf-sto3g-bipole-k222.molden
  Population dump written to output-mgo-rhf-sto3g-bipole-k222.population.txt + output-mgo-rhf-sto3g-bipole-k222.population.json
  Final geometry written to output-mgo-rhf-sto3g-bipole-k222.xyz (extended XYZ with lattice)
  Structure written to output-mgo-rhf-sto3g-bipole-k222.cif (CIF, P 1)
  Citations written to output-mgo-rhf-sto3g-bipole-k222.bibtex + output-mgo-rhf-sto3g-bipole-k222.references
  Structure written to output-mgo-rhf-sto3g-bipole-k222.xsf (XSF crystal block)
  WARNING: density grid evaluation failed: ValueError: density output template omits converged lattice cells: [(-5, -1, 1), (-5, -1, 2), (-5, -1, 3), (-5, 0, 0), (-5, 0, 1), (-5, 0, 2), (-5, 0, 3), (-5, 1, -1), (-5, 1, 0), (-5, 1, 1), (-5, 1, 2), (-5, 1, 3), (-5, 2, -1), (-5, 2, 0), (-5, 2, 1), (-5, 2, 2), (-5, 3, -1), (-5, 3, 0), (-5, 3, 1), (-4, -2, 0), (-4, -2, 1), (-4, -2, 2), (-4, -2, 3), (-4, -2, 4), (-4, -1, -1), (-4, -1, 0), (-4, -1, 1), (-4, -1, 2), (-4, -1, 3), (-4, -1, 4), (-4, 0, -2), (-4, 0, -1), (-4, 0, 0), (-4, 0, 1), (-4, 0, 2), (-4, 0, 3), (-4, 0, 4), (-4, 1, -2), (-4, 1, -1), (-4, 1, 0), (-4, 1, 1), (-4, 1, 2), (-4, 1, 3), (-4, 1, 4), (-4, 2, -2), (-4, 2, -1), (-4, 2, 0), (-4, 2, 1), (-4, 2, 2), (-4, 2, 3), (-4, 2, 4), (-4, 3, -2), (-4, 3, -1), (-4, 3, 0), (-4, 3, 1), (-4, 3, 2), (-4, 3, 3), (-4, 4, -2), (-4, 4, -1), (-4, 4, 0), (-4, 4, 1), (-4, 4, 2), (-3, -3, 0), (-3, -3, 1), (-3, -3, 2), (-3, -3, 3), (-3, -3, 4), (-3, -2, -1), (-3, -2, 0), (-3, -2, 1), (-3, -2, 2), (-3, -2, 3), (-3, -2, 4), (-3, -1, -2), (-3, -1, -1), (-3, -1, 0), (-3, -1, 4), (-3, -1, 5), (-3, 0, -3), (-3, 0, -2), (-3, 0, -1), (-3, 0, 4), (-3, 0, 5), (-3, 1, -3), (-3, 1, -2), (-3, 1, 4), (-3, 1, 5), (-3, 2, -3), (-3, 2, -2), (-3, 2, 3), (-3, 2, 4), (-3, 3, -3), (-3, 3, -2), (-3, 3, 2), (-3, 3, 3), (-3, 4, -3), (-3, 4, -2), (-3, 4, -1), (-3, 4, 0), (-3, 4, 1), (-3, 4, 2), (-3, 5, -1), (-3, 5, 0), (-3, 5, 1), (-2, -4, 0), (-2, -4, 1), (-2, -4, 2), (-2, -4, 3), (-2, -4, 4), (-2, -3, -1), (-2, -3, 0), (-2, -3, 1), (-2, -3, 2), (-2, -3, 3), (-2, -3, 4), (-2, -2, -2), (-2, -2, -1), (-2, -2, 0), (-2, -2, 4), (-2, -2, 5), (-2, -1, -3), (-2, -1, -2), (-2, -1, -1), (-2, -1, 4), (-2, -1, 5), (-2, 0, -4), (-2, 0, -3), (-2, 0, -2), (-2, 0, 4), (-2, 0, 5), (-2, 1, -4), (-2, 1, -3), (-2, 1, 4), (-2, 1, 5), (-2, 2, -4), (-2, 2, -3), (-2, 2, 3), (-2, 2, 4), (-2, 3, -4), (-2, 3, -3), (-2, 3, 2), (-2, 3, 3), (-2, 4, -4), (-2, 4, -3), (-2, 4, -2), (-2, 4, -1), (-2, 4, 0), (-2, 4, 1), (-2, 4, 2), (-2, 5, -2), (-2, 5, -1), (-2, 5, 0), (-2, 5, 1), (-1, -5, 1), (-1, -5, 2), (-1, -5, 3), (-1, -4, -1), (-1, -4, 0), (-1, -4, 1), (-1, -4, 2), (-1, -4, 3), (-1, -4, 4), (-1, -3, -2), (-1, -3, -1), (-1, -3, 0), (-1, -3, 4), (-1, -3, 5), (-1, -2, -3), (-1, -2, -2), (-1, -2, -1), (-1, -2, 4), (-1, -2, 5), (-1, -1, -4), (-1, -1, -3), (-1, -1, -2), (-1, -1, 4), (-1, -1, 5), (-1, 0, -4), (-1, 0, -3), (-1, 0, 4), (-1, 0, 5), (-1, 1, -5), (-1, 1, -4), (-1, 1, 4), (-1, 1, 5), (-1, 2, -5), (-1, 2, -4), (-1, 2, 3), (-1, 2, 4), (-1, 3, -5), (-1, 3, -4), (-1, 3, 2), (-1, 3, 3), (-1, 4, -4), (-1, 4, -3), (-1, 4, -2), (-1, 4, -1), (-1, 4, 0), (-1, 4, 1), (-1, 4, 2), (-1, 5, -3), (-1, 5, -2), (-1, 5, -1), (-1, 5, 0), (-1, 5, 1), (0, -5, 0), (0, -5, 1), (0, -5, 2), (0, -5, 3), (0, -4, -2), (0, -4, -1), (0, -4, 0), (0, -4, 1), (0, -4, 2), (0, -4, 3), (0, -4, 4), (0, -3, -3), (0, -3, -2), (0, -3, -1), (0, -3, 4), (0, -3, 5), (0, -2, -4), (0, -2, -3), (0, -2, -2), (0, -2, 4), (0, -2, 5), (0, -1, -4), (0, -1, -3), (0, -1, 4), (0, -1, 5), (0, 0, -5), (0, 0, -4), (0, 0, 4), (0, 0, 5), (0, 1, -5), (0, 1, -4), (0, 1, 3), (0, 1, 4), (0, 2, -5), (0, 2, -4), (0, 2, 2), (0, 2, 3), (0, 2, 4), (0, 3, -5), (0, 3, -4), (0, 3, 1), (0, 3, 2), (0, 3, 3), (0, 4, -4), (0, 4, -3), (0, 4, -2), (0, 4, -1), (0, 4, 0), (0, 4, 1), (0, 4, 2), (0, 5, -3), (0, 5, -2), (0, 5, -1), (0, 5, 0), (1, -5, -1), (1, -5, 0), (1, -5, 1), (1, -5, 2), (1, -5, 3), (1, -4, -2), (1, -4, -1), (1, -4, 0), (1, -4, 1), (1, -4, 2), (1, -4, 3), (1, -4, 4), (1, -3, -3), (1, -3, -2), (1, -3, 4), (1, -3, 5), (1, -2, -4), (1, -2, -3), (1, -2, 4), (1, -2, 5), (1, -1, -5), (1, -1, -4), (1, -1, 4), (1, -1, 5), (1, 0, -5), (1, 0, -4), (1, 0, 3), (1, 0, 4), (1, 1, -5), (1, 1, -4), (1, 1, 2), (1, 1, 3), (1, 1, 4), (1, 2, -5), (1, 2, -4), (1, 2, 1), (1, 2, 2), (1, 2, 3), (1, 3, -5), (1, 3, -4), (1, 3, 0), (1, 3, 1), (1, 3, 2), (1, 4, -4), (1, 4, -3), (1, 4, -2), (1, 4, -1), (1, 4, 0), (1, 4, 1), (1, 5, -3), (1, 5, -2), (1, 5, -1), (2, -5, -1), (2, -5, 0), (2, -5, 1), (2, -5, 2), (2, -4, -2), (2, -4, -1), (2, -4, 0), (2, -4, 1), (2, -4, 2), (2, -4, 3), (2, -4, 4), (2, -3, -3), (2, -3, -2), (2, -3, 3), (2, -3, 4), (2, -2, -4), (2, -2, -3), (2, -2, 3), (2, -2, 4), (2, -1, -5), (2, -1, -4), (2, -1, 3), (2, -1, 4), (2, 0, -5), (2, 0, -4), (2, 0, 2), (2, 0, 3), (2, 0, 4), (2, 1, -5), (2, 1, -4), (2, 1, 1), (2, 1, 2), (2, 1, 3), (2, 2, -5), (2, 2, -4), (2, 2, 0), (2, 2, 1), (2, 2, 2), (2, 3, -4), (2, 3, -3), (2, 3, -2), (2, 3, -1), (2, 3, 0), (2, 3, 1), (2, 4, -4), (2, 4, -3), (2, 4, -2), (2, 4, -1), (2, 4, 0), (3, -5, -1), (3, -5, 0), (3, -5, 1), (3, -4, -2), (3, -4, -1), (3, -4, 0), (3, -4, 1), (3, -4, 2), (3, -4, 3), (3, -3, -3), (3, -3, -2), (3, -3, 2), (3, -3, 3), (3, -2, -4), (3, -2, -3), (3, -2, 2), (3, -2, 3), (3, -1, -5), (3, -1, -4), (3, -1, 2), (3, -1, 3), (3, 0, -5), (3, 0, -4), (3, 0, 1), (3, 0, 2), (3, 0, 3), (3, 1, -5), (3, 1, -4), (3, 1, 0), (3, 1, 1), (3, 1, 2), (3, 2, -4), (3, 2, -3), (3, 2, -2), (3, 2, -1), (3, 2, 0), (3, 2, 1), (3, 3, -4), (3, 3, -3), (3, 3, -2), (3, 3, -1), (3, 3, 0), (4, -4, -2), (4, -4, -1), (4, -4, 0), (4, -4, 1), (4, -4, 2), (4, -3, -3), (4, -3, -2), (4, -3, -1), (4, -3, 0), (4, -3, 1), (4, -3, 2), (4, -2, -4), (4, -2, -3), (4, -2, -2), (4, -2, -1), (4, -2, 0), (4, -2, 1), (4, -2, 2), (4, -1, -4), (4, -1, -3), (4, -1, -2), (4, -1, -1), (4, -1, 0), (4, -1, 1), (4, -1, 2), (4, 0, -4), (4, 0, -3), (4, 0, -2), (4, 0, -1), (4, 0, 0), (4, 0, 1), (4, 0, 2), (4, 1, -4), (4, 1, -3), (4, 1, -2), (4, 1, -1), (4, 1, 0), (4, 1, 1), (4, 2, -4), (4, 2, -3), (4, 2, -2), (4, 2, -1), (4, 2, 0), (5, -3, -1), (5, -3, 0), (5, -3, 1), (5, -2, -2), (5, -2, -1), (5, -2, 0), (5, -2, 1), (5, -1, -3), (5, -1, -2), (5, -1, -1), (5, -1, 0), (5, -1, 1), (5, 0, -3), (5, 0, -2), (5, 0, -1), (5, 0, 0), (5, 1, -3), (5, 1, -2), (5, 1, -1)]

  Timings (wall clock, seconds)
  --------------------------------------------------------
    SCF total                        1331.024
    SCF avg per iter                   57.871  (23 iters)
    Job total                        1331.084

## References

Please cite the references below when reporting results
from this run. The corresponding BibTeX entries are
written to the .bibtex sibling.

  [1] Peintinger, Michael F. (2026). vibe-qc: a quantum-chemistry code for
     molecules and solids. [Software v0.15.41, MPL-2.0].
     <https://vibe-qc.com/>

  [2] Valeev, Edward F. Libint: A library for the evaluation of molecular
     integrals of many-body operators over Gaussian functions. [Software].
     <https://github.com/evaleev/libint>

  [3] Hehre, W. J., Stewart, R. F., and Pople, J. A. (1969). Self-Consistent
     Molecular-Orbital Methods. I. Use of Gaussian Expansions of Slater-Type
     Atomic Orbitals. Journal of Chemical Physics, 51(6), 2657--2664.
     doi:10.1063/1.1672392

  [4] Pritchard, Benjamin P., Altarawy, Doaa, et al. (2019). New Basis Set
     Exchange: An Open, Up-to-Date Resource for the Molecular Sciences
     Community. Journal of Chemical Information and Modeling, 59(11),
     4814--4820. doi:10.1021/acs.jcim.9b00725

  [5] Pulay, Péter (1980). Convergence acceleration of iterative sequences.
     The case of SCF iteration. Chemical Physics Letters, 73(2), 393--398.
     doi:10.1016/0009-2614(80)80396-4

  [6] Pulay, Péter (1982). Improved SCF convergence acceleration. Journal of
     Computational Chemistry, 3(4), 556--560. doi:10.1002/jcc.540030413

  [7] Saunders, V. R. and Hillier, I. H. (1973). A "Level-Shifting" method for
     converging closed shell Hartree-Fock wave functions. International
     Journal of Quantum Chemistry, 7(4), 699--705. doi:10.1002/qua.560070407

  [8] Saunders, V. R., Freyria-Fava, C., et al. (1992). On the electrostatic
     potential in crystalline systems where the charge density is expanded in
     Gaussian functions. Molecular Physics, 77, 629--665.
     doi:10.1080/00268979200102671

  [9] Dovesi, R., Orlando, R., et al. (2014). CRYSTAL14: A program for the ab
     initio investigation of crystalline solids. International Journal of
     Quantum Chemistry, 114, 1287--1317. doi:10.1002/qua.24658

  [10] Gygi, F. and Baldereschi, A. (1986). Self-consistent Hartree-Fock and
     screened-exchange calculations in solids: Application to silicon.
     Physical Review B, 34, 4405--4408. doi:10.1103/PhysRevB.34.4405

  [11] Sundararaman, R. and Arias, T. A. (2013). Regularization of the Coulomb
     singularity in exact exchange by Wigner-Seitz truncated interactions:
     Towards chemical accuracy in nontrivial systems. Physical Review B, 87,
     165122. doi:10.1103/PhysRevB.87.165122

  [12] Maurer, Simon A., Lambrecht, Daniel S., et al. (2012).
     Distance-dependent Schwarz-based integral estimates for two-electron
     integrals: Reliable tightness vs. rigorous upper bounds. The Journal of
     Chemical Physics, 136(14), 144107. doi:10.1063/1.3693908

  [13] Van Lenthe, J. H., Zwaans, R., et al. (2006). Starting SCF calculations
     by superposition of atomic densities. Journal of Computational Chemistry,
     27(8), 926--932. doi:10.1002/jcc.20393

  [14] Togo, Atsushi, Shinohara, Kohei, and Tanaka, Isao (2024). Spglib: a
     software library for crystal symmetry search. Science and Technology of
     Advanced Materials: Methods, 4(1), 2384822.
     doi:10.1080/27660400.2024.2384822

  [15] Pisani, Cesare, Dovesi, Roberto, and Roetti, Carla (1988). Hartree-Fock
     Ab Initio Treatment of Crystalline Systems. Lecture Notes in Chemistry,
     Vol. 48, Springer, 48. doi:10.1007/978-3-642-93385-1
